// Jest Snapshot v1, https://goo.gl/fbAQLP

exports[`should render the component 1`] = `
<vlayout-stub tag="div" justify-center="" align-center="">
  <div>
    <signupform-stub></signupform-stub>
    <div class="mt-3 text-xs-center">
      <vbtn-stub activeclass="v-btn--active" flat="true" tag="button" type="button" to="/login" color="teal">
        Go to Log In
      </vbtn-stub>
    </div>
  </div>
</vlayout-stub>
`;
